{
  "usersAmount": 2,
  "users": [
    {
      "ID": 1,
      "Group ID": 2,
      "Name": "John",
      "Surname": "Doe",
      "Age": 26
    },
    {
      "ID": 2,
      "Group ID": 1,
      "Name": "Jane",
      "Surname": "Doe",
      "Age": 28
    }
  ]
}
